[11:29:17] [INIT] KubeJS 2001.6.5-build.16; MC 2001 forge
[11:29:17] [INIT] Loaded plugins:
[11:29:17] [INIT] - dev.latvian.mods.kubejs.forge.BuiltinKubeJSForgePlugin
[11:29:17] [INIT] - dev.latvian.mods.kubejs.forge.BuiltinKubeJSForgeClientPlugin
[11:29:17] [INIT] - com.blakebr0.cucumber.compat.kubejs.CucumberKubeJSPlugin
[11:29:17] [INIT] - pie.ilikepiefoo.AdditionsPlugin
[11:29:17] [INIT] - pie.ilikepiefoo.compat.jei.JEIKubeJSPlugin
[11:29:17] [INIT] - com.bobvarioa.kubejsarsnouveau.KubeJSArsNouveauPlugin
[11:29:17] [INIT] - dev.latvian.mods.kubejs.create.KubeJSCreatePlugin
[11:29:17] [INIT] - com.bobvaraioa.kubejspowah.KubeJSPowahPlugin
[11:29:17] [INIT] - dev.sorin.kubejsextendedcrafting.KubejsExtendedCraftingPlugin
[11:29:17] [INIT] - dev.bluephs.dgjs.DGJSPlugin
[11:29:17] [INFO] example.js#5: Hello, World! (Loaded server scripts)
[11:29:17] [INFO] Loaded script server_scripts:example.js in 0.006 s
[11:29:17] [INFO] Loaded 1/1 KubeJS server scripts in 0.012 s with 0 errors and 0 warnings
[11:29:17] [INFO] Scripts loaded
[11:29:17] [INFO] Initializing recipe event...
[11:29:17] [INFO] [minecraft:block] Found 456 tags, added 6 objects, removed 0 objects
[11:29:17] [INFO] Processing recipes...
[11:29:17] [WARN] Failed to parse recipe 'createdieselgenerators:basin_fermenting/golden_apple[createdieselgenerators:basin_fermenting]'! Falling back to vanilla: Recipe component key 'heatRequirement' not found! Valid keys: [processingTime:ticks, heatRequirement:string, results:{output_fluid|output_item}[], ingredients:{input_fluid|input_item}[]]
[11:29:17] [WARN] Failed to parse recipe 'createdieselgenerators:basin_fermenting/fermented_spider_eye[createdieselgenerators:basin_fermenting]'! Falling back to vanilla: Recipe component key 'heatRequirement' not found! Valid keys: [processingTime:ticks, heatRequirement:string, ingredients:{input_fluid|input_item}[], results:{output_fluid|output_item}[]]
[11:29:17] [WARN] Failed to parse recipe 'createdieselgenerators:basin_fermenting/dough[createdieselgenerators:basin_fermenting]'! Falling back to vanilla: Recipe component key 'heatRequirement' not found! Valid keys: [results:{output_fluid|output_item}[], heatRequirement:string, ingredients:{input_fluid|input_item}[], processingTime:ticks]
[11:29:17] [WARN] Failed to parse recipe 'createdieselgenerators:basin_fermenting/golden_carrot[createdieselgenerators:basin_fermenting]'! Falling back to vanilla: Recipe component key 'heatRequirement' not found! Valid keys: [processingTime:ticks, heatRequirement:string, results:{output_fluid|output_item}[], ingredients:{input_fluid|input_item}[]]
[11:29:17] [WARN] Failed to parse recipe 'createdieselgenerators:basin_fermenting/magma_cream[createdieselgenerators:basin_fermenting]'! Falling back to vanilla: Recipe component key 'heatRequirement' not found! Valid keys: [processingTime:ticks, heatRequirement:string, ingredients:{input_fluid|input_item}[], results:{output_fluid|output_item}[]]
[11:29:17] [WARN] Failed to parse recipe 'createdieselgenerators:distillation/crude_oil[createdieselgenerators:distillation]'! Falling back to vanilla: Cannot invoke "com.google.gson.JsonElement.getAsString()" because the return value of "com.google.gson.JsonObject.get(String)" is null
[11:29:17] [WARN] Failed to parse recipe 'createdieselgenerators:basin_fermenting/fermentable[createdieselgenerators:basin_fermenting]'! Falling back to vanilla: Recipe component key 'heatRequirement' not found! Valid keys: [processingTime:ticks, ingredients:{input_fluid|input_item}[], heatRequirement:string, results:{output_fluid|output_item}[]]
[11:29:17] [INFO] Found 6237 recipes in 78.54 ms
[11:29:17] [INFO] Posted recipe events in 17.15 ms
[11:29:17] [WARN] Error parsing recipe botania:kjs/94xr2wa1i88fyu8ka8lm6fdgp[botania:runic_altar]: {"type":"botania:runic_altar","ingredients":[{"item":"cyclic:spikes_fire"},{"item":"minecraft:obsidian"},{"item":"cyclic:spikes_fire"},{"item":"minecraft:obsidian"}],"mana":12000,"output":{"item":"minecraft:crying_obsidian"}}: Unknown item 'cyclic:spikes_fire'
[11:29:18] [INFO] Added 16 recipes, removed 2 recipes, modified 0 recipes, with 1 failed recipes in 136.0 ms
[11:29:19] [INFO] Server resource reload complete!
